src/hooks/useKioskApi.ts(21,9): error TS6133: 'sseConnected' is declared but its value is never read.
src/lib/serviceWorkerRegistration.ts(140,7): error TS18047: 'navigator.serviceWorker.controller' is possibly 'null'.
